// Jest Snapshot v1, https://goo.gl/fbAQLP

exports[`SearchPopularTokens renders without error 1`] = `
<View
  style={
    [
      {
        "display": "flex",
        "padding": 8,
      },
    ]
  }
>
  <View
    onLayout={[Function]}
  >
    <View
      sentry-label="Flex"
      style={
        [
          {
            "alignItems": "stretch",
            "display": "flex",
            "flexDirection": "column",
            "flexGrow": 1,
            "justifyContent": "flex-start",
          },
        ]
      }
    >
      <View
        sentry-label="Flex"
        style={
          [
            {
              "alignItems": "flex-start",
              "display": "flex",
              "flexDirection": "row",
              "justifyContent": "space-between",
              "minHeight": 56,
              "opacity": 1,
              "paddingVertical": 8,
            },
          ]
        }
      >
        <View
          sentry-label="Flex"
          style={
            [
              {
                "alignItems": "center",
                "display": "flex",
                "flexDirection": "row",
                "flexShrink": 1,
                "justifyContent": "flex-start",
                "overflow": "hidden",
              },
            ]
          }
        >
          <View
            style={
              [
                {
                  "backgroundColor": "#E8ECFB",
                  "borderRadius": 999999,
                  "display": "flex",
                  "minHeight": 40,
                  "minWidth": 40,
                },
              ]
            }
          />
          <View
            style={
              [
                {
                  "display": "flex",
                  "flexGrow": 0,
                  "flexShrink": 0,
                  "height": 12,
                  "width": 12,
                },
              ]
            }
          />
          <View
            sentry-label="Flex"
            style={
              [
                {
                  "alignItems": "flex-start",
                  "display": "flex",
                  "flexDirection": "column",
                  "flexShrink": 1,
                  "justifyContent": "flex-start",
                },
              ]
            }
          >
            <View
              style={
                [
                  {
                    "alignItems": "center",
                    "display": "flex",
                    "flexDirection": "row",
                  },
                ]
              }
            >
              <View
                style={
                  [
                    {
                      "alignItems": "center",
                      "display": "flex",
                      "flexDirection": "row",
                      "position": "relative",
                    },
                  ]
                }
              >
                <View
                  accessibilityElementsHidden={true}
                  importantForAccessibility="no-hide-descendants"
                >
                  <Text
                    allowFontScaling={true}
                    maxFontSizeMultiplier={1.4}
                    numberOfLines={1}
                    style={
                      [
                        {
                          "color": "transparent",
                          "display": "flex",
                          "fontFamily": "Inter-Medium",
                          "fontSize": 17,
                          "lineHeight": 24,
                          "opacity": 0,
                        },
                      ]
                    }
                  >
                    Token Full Name
                  </Text>
                </View>
                <View
                  style={
                    [
                      {
                        "backgroundColor": "#E8ECFB",
                        "borderRadius": 4,
                        "bottom": "5%",
                        "display": "flex",
                        "left": 0,
                        "position": "absolute",
                        "right": 0,
                        "top": "5%",
                      },
                    ]
                  }
                />
              </View>
            </View>
            <View
              style={
                [
                  {
                    "display": "flex",
                    "flexGrow": 0,
                    "flexShrink": 0,
                    "height": 0,
                  },
                ]
              }
            />
            <View
              sentry-label="Flex"
              style={
                [
                  {
                    "alignItems": "center",
                    "display": "flex",
                    "flexDirection": "row",
                    "justifyContent": "flex-start",
                    "minHeight": 20,
                  },
                ]
              }
            >
              <View
                style={
                  [
                    {
                      "alignItems": "center",
                      "display": "flex",
                      "flexDirection": "row",
                    },
                  ]
                }
              >
                <View
                  style={
                    [
                      {
                        "alignItems": "center",
                        "display": "flex",
                        "flexDirection": "row",
                        "position": "relative",
                      },
                    ]
                  }
                >
                  <View
                    accessibilityElementsHidden={true}
                    importantForAccessibility="no-hide-descendants"
                  >
                    <Text
                      allowFontScaling={true}
                      maxFontSizeMultiplier={1.4}
                      numberOfLines={1}
                      style={
                        [
                          {
                            "color": "transparent",
                            "display": "flex",
                            "fontFamily": "Inter-Medium",
                            "fontSize": 15,
                            "lineHeight": 20,
                            "opacity": 0,
                          },
                        ]
                      }
                    >
                      1,000 TFN
                    </Text>
                  </View>
                  <View
                    style={
                      [
                        {
                          "backgroundColor": "#E8ECFB",
                          "borderRadius": 4,
                          "bottom": "5%",
                          "display": "flex",
                          "left": 0,
                          "position": "absolute",
                          "right": 0,
                          "top": "5%",
                        },
                      ]
                    }
                  />
                </View>
              </View>
            </View>
          </View>
        </View>
      </View>
      <View
        style={
          [
            {
              "display": "flex",
              "flexGrow": 0,
              "flexShrink": 0,
              "height": 4,
            },
          ]
        }
      />
      <View
        sentry-label="Flex"
        style={
          [
            {
              "alignItems": "flex-start",
              "display": "flex",
              "flexDirection": "row",
              "justifyContent": "space-between",
              "minHeight": 56,
              "opacity": 0.5,
              "paddingVertical": 8,
            },
          ]
        }
      >
        <View
          sentry-label="Flex"
          style={
            [
              {
                "alignItems": "center",
                "display": "flex",
                "flexDirection": "row",
                "flexShrink": 1,
                "justifyContent": "flex-start",
                "overflow": "hidden",
              },
            ]
          }
        >
          <View
            style={
              [
                {
                  "backgroundColor": "#E8ECFB",
                  "borderRadius": 999999,
                  "display": "flex",
                  "minHeight": 40,
                  "minWidth": 40,
                },
              ]
            }
          />
          <View
            style={
              [
                {
                  "display": "flex",
                  "flexGrow": 0,
                  "flexShrink": 0,
                  "height": 12,
                  "width": 12,
                },
              ]
            }
          />
          <View
            sentry-label="Flex"
            style={
              [
                {
                  "alignItems": "flex-start",
                  "display": "flex",
                  "flexDirection": "column",
                  "flexShrink": 1,
                  "justifyContent": "flex-start",
                },
              ]
            }
          >
            <View
              style={
                [
                  {
                    "alignItems": "center",
                    "display": "flex",
                    "flexDirection": "row",
                  },
                ]
              }
            >
              <View
                style={
                  [
                    {
                      "alignItems": "center",
                      "display": "flex",
                      "flexDirection": "row",
                      "position": "relative",
                    },
                  ]
                }
              >
                <View
                  accessibilityElementsHidden={true}
                  importantForAccessibility="no-hide-descendants"
                >
                  <Text
                    allowFontScaling={true}
                    maxFontSizeMultiplier={1.4}
                    numberOfLines={1}
                    style={
                      [
                        {
                          "color": "transparent",
                          "display": "flex",
                          "fontFamily": "Inter-Medium",
                          "fontSize": 17,
                          "lineHeight": 24,
                          "opacity": 0,
                        },
                      ]
                    }
                  >
                    Token Full Name
                  </Text>
                </View>
                <View
                  style={
                    [
                      {
                        "backgroundColor": "#E8ECFB",
                        "borderRadius": 4,
                        "bottom": "5%",
                        "display": "flex",
                        "left": 0,
                        "position": "absolute",
                        "right": 0,
                        "top": "5%",
                      },
                    ]
                  }
                />
              </View>
            </View>
            <View
              style={
                [
                  {
                    "display": "flex",
                    "flexGrow": 0,
                    "flexShrink": 0,
                    "height": 0,
                  },
                ]
              }
            />
            <View
              sentry-label="Flex"
              style={
                [
                  {
                    "alignItems": "center",
                    "display": "flex",
                    "flexDirection": "row",
                    "justifyContent": "flex-start",
                    "minHeight": 20,
                  },
                ]
              }
            >
              <View
                style={
                  [
                    {
                      "alignItems": "center",
                      "display": "flex",
                      "flexDirection": "row",
                    },
                  ]
                }
              >
                <View
                  style={
                    [
                      {
                        "alignItems": "center",
                        "display": "flex",
                        "flexDirection": "row",
                        "position": "relative",
                      },
                    ]
                  }
                >
                  <View
                    accessibilityElementsHidden={true}
                    importantForAccessibility="no-hide-descendants"
                  >
                    <Text
                      allowFontScaling={true}
                      maxFontSizeMultiplier={1.4}
                      numberOfLines={1}
                      style={
                        [
                          {
                            "color": "transparent",
                            "display": "flex",
                            "fontFamily": "Inter-Medium",
                            "fontSize": 15,
                            "lineHeight": 20,
                            "opacity": 0,
                          },
                        ]
                      }
                    >
                      1,000 TFN
                    </Text>
                  </View>
                  <View
                    style={
                      [
                        {
                          "backgroundColor": "#E8ECFB",
                          "borderRadius": 4,
                          "bottom": "5%",
                          "display": "flex",
                          "left": 0,
                          "position": "absolute",
                          "right": 0,
                          "top": "5%",
                        },
                      ]
                    }
                  />
                </View>
              </View>
            </View>
          </View>
        </View>
      </View>
    </View>
  </View>
</View>
`;

exports[`SearchPopularTokens renders without error 2`] = `
<RCTScrollView
  data={
    [
      {
        "address": null,
        "chainId": 1,
        "logoUrl": "https://loremflickr.com/640/480",
        "name": "Ethereum",
        "symbol": "ETH",
        "type": 1,
      },
      {
        "address": "0xA0b86991c6218b36c1d19D4a2e9Eb0cE3606eB48",
        "chainId": 1,
        "logoUrl": "https://loremflickr.com/640/480",
        "name": "USD Coin",
        "symbol": "USDC",
        "type": 1,
      },
    ]
  }
  getItem={[Function]}
  getItemCount={[Function]}
  keyExtractor={[Function]}
  listKey="tokens"
  onContentSizeChange={[Function]}
  onLayout={[Function]}
  onMomentumScrollBegin={[Function]}
  onMomentumScrollEnd={[Function]}
  onScroll={[Function]}
  onScrollBeginDrag={[Function]}
  onScrollEndDrag={[Function]}
  removeClippedSubviews={false}
  renderItem={[Function]}
  scrollEventThrottle={50}
  stickyHeaderIndices={[]}
  viewabilityConfigCallbackPairs={[]}
>
  <View>
    <View
      onLayout={[Function]}
      style={null}
    >
      <View
        accessible={true}
        collapsable={false}
        focusable={true}
        hitSlop={
          {
            "bottom": 5,
            "left": 5,
            "right": 5,
            "top": 5,
          }
        }
        onClick={[Function]}
        onResponderGrant={[Function]}
        onResponderMove={[Function]}
        onResponderRelease={[Function]}
        onResponderTerminate={[Function]}
        onResponderTerminationRequest={[Function]}
        onStartShouldSetResponder={[Function]}
        style={
          {
            "display": "flex",
            "opacity": 1,
          }
        }
        testID="search-token-item"
      >
        <View
          sentry-label="Flex"
          style={
            [
              {
                "alignItems": "center",
                "display": "flex",
                "flexDirection": "row",
                "justifyContent": "flex-start",
                "paddingHorizontal": 8,
                "paddingVertical": 12,
              },
            ]
          }
        >
          <View
            style={
              [
                {
                  "alignItems": "center",
                  "display": "flex",
                  "flexBasis": "auto",
                  "flexDirection": "column",
                  "flexShrink": 0,
                  "height": 40,
                  "justifyContent": "center",
                  "minHeight": 0,
                  "minWidth": 0,
                  "position": "relative",
                  "width": 40,
                },
              ]
            }
          >
            <Image
              source={
                {
                  "uri": "https://loremflickr.com/640/480",
                }
              }
              style={
                [
                  {
                    "resizeMode": "contain",
                  },
                  {
                    "backgroundColor": "#D2D9EE",
                    "borderColor": "#D2D9EE",
                    "borderRadius": 20,
                    "borderWidth": 0.5,
                    "height": 40,
                    "width": 40,
                  },
                ]
              }
            />
          </View>
          <View
            style={
              [
                {
                  "display": "flex",
                  "flexGrow": 0,
                  "flexShrink": 0,
                  "height": 12,
                  "width": 12,
                },
              ]
            }
          />
          <View
            sentry-label="Flex"
            style={
              [
                {
                  "alignItems": "flex-start",
                  "display": "flex",
                  "flexDirection": "column",
                  "flexShrink": 1,
                  "justifyContent": "flex-start",
                },
              ]
            }
          >
            <View
              sentry-label="Flex"
              style={
                [
                  {
                    "alignItems": "center",
                    "display": "flex",
                    "flexDirection": "row",
                    "justifyContent": "center",
                  },
                ]
              }
            >
              <View
                sentry-label="Flex"
                style={
                  [
                    {
                      "alignItems": "stretch",
                      "display": "flex",
                      "flexDirection": "column",
                      "flexShrink": 1,
                      "justifyContent": "flex-start",
                    },
                  ]
                }
              >
                <Text
                  allowFontScaling={true}
                  maxFontSizeMultiplier={1.4}
                  numberOfLines={1}
                  style={
                    [
                      {
                        "color": "#0E1524",
                        "display": "flex",
                        "fontFamily": "Inter-Medium",
                        "fontSize": 17,
                        "lineHeight": 24,
                      },
                    ]
                  }
                >
                  Ethereum
                </Text>
              </View>
            </View>
            <View
              style={
                [
                  {
                    "display": "flex",
                    "flexGrow": 0,
                    "flexShrink": 0,
                    "height": 0,
                  },
                ]
              }
            />
            <View
              sentry-label="Flex"
              style={
                [
                  {
                    "alignItems": "center",
                    "display": "flex",
                    "flexDirection": "row",
                    "justifyContent": "center",
                  },
                ]
              }
            >
              <Text
                allowFontScaling={true}
                maxFontSizeMultiplier={1.4}
                numberOfLines={1}
                style={
                  [
                    {
                      "color": "#5D6785",
                      "display": "flex",
                      "fontFamily": "Inter-Medium",
                      "fontSize": 15,
                      "lineHeight": 20,
                    },
                  ]
                }
              >
                ETH
              </Text>
            </View>
          </View>
        </View>
      </View>
    </View>
    <View
      onLayout={[Function]}
      style={null}
    >
      <View
        accessible={true}
        collapsable={false}
        focusable={true}
        hitSlop={
          {
            "bottom": 5,
            "left": 5,
            "right": 5,
            "top": 5,
          }
        }
        onClick={[Function]}
        onResponderGrant={[Function]}
        onResponderMove={[Function]}
        onResponderRelease={[Function]}
        onResponderTerminate={[Function]}
        onResponderTerminationRequest={[Function]}
        onStartShouldSetResponder={[Function]}
        style={
          {
            "display": "flex",
            "opacity": 1,
          }
        }
        testID="search-token-item"
      >
        <View
          sentry-label="Flex"
          style={
            [
              {
                "alignItems": "center",
                "display": "flex",
                "flexDirection": "row",
                "justifyContent": "flex-start",
                "paddingHorizontal": 8,
                "paddingVertical": 12,
              },
            ]
          }
        >
          <View
            style={
              [
                {
                  "alignItems": "center",
                  "display": "flex",
                  "flexBasis": "auto",
                  "flexDirection": "column",
                  "flexShrink": 0,
                  "height": 40,
                  "justifyContent": "center",
                  "minHeight": 0,
                  "minWidth": 0,
                  "position": "relative",
                  "width": 40,
                },
              ]
            }
          >
            <Image
              source={
                {
                  "uri": "https://loremflickr.com/640/480",
                }
              }
              style={
                [
                  {
                    "resizeMode": "contain",
                  },
                  {
                    "backgroundColor": "#D2D9EE",
                    "borderColor": "#D2D9EE",
                    "borderRadius": 20,
                    "borderWidth": 0.5,
                    "height": 40,
                    "width": 40,
                  },
                ]
              }
            />
          </View>
          <View
            style={
              [
                {
                  "display": "flex",
                  "flexGrow": 0,
                  "flexShrink": 0,
                  "height": 12,
                  "width": 12,
                },
              ]
            }
          />
          <View
            sentry-label="Flex"
            style={
              [
                {
                  "alignItems": "flex-start",
                  "display": "flex",
                  "flexDirection": "column",
                  "flexShrink": 1,
                  "justifyContent": "flex-start",
                },
              ]
            }
          >
            <View
              sentry-label="Flex"
              style={
                [
                  {
                    "alignItems": "center",
                    "display": "flex",
                    "flexDirection": "row",
                    "justifyContent": "center",
                  },
                ]
              }
            >
              <View
                sentry-label="Flex"
                style={
                  [
                    {
                      "alignItems": "stretch",
                      "display": "flex",
                      "flexDirection": "column",
                      "flexShrink": 1,
                      "justifyContent": "flex-start",
                    },
                  ]
                }
              >
                <Text
                  allowFontScaling={true}
                  maxFontSizeMultiplier={1.4}
                  numberOfLines={1}
                  style={
                    [
                      {
                        "color": "#0E1524",
                        "display": "flex",
                        "fontFamily": "Inter-Medium",
                        "fontSize": 17,
                        "lineHeight": 24,
                      },
                    ]
                  }
                >
                  USD Coin
                </Text>
              </View>
            </View>
            <View
              style={
                [
                  {
                    "display": "flex",
                    "flexGrow": 0,
                    "flexShrink": 0,
                    "height": 0,
                  },
                ]
              }
            />
            <View
              sentry-label="Flex"
              style={
                [
                  {
                    "alignItems": "center",
                    "display": "flex",
                    "flexDirection": "row",
                    "justifyContent": "center",
                  },
                ]
              }
            >
              <Text
                allowFontScaling={true}
                maxFontSizeMultiplier={1.4}
                numberOfLines={1}
                style={
                  [
                    {
                      "color": "#5D6785",
                      "display": "flex",
                      "fontFamily": "Inter-Medium",
                      "fontSize": 15,
                      "lineHeight": 20,
                    },
                  ]
                }
              >
                USDC
              </Text>
            </View>
          </View>
        </View>
      </View>
    </View>
  </View>
</RCTScrollView>
`;
