// Jest Snapshot v1, https://goo.gl/fbAQLP

exports[`AccountHeader renders without error 1`] = `
<View
  style={
    Array [
      Object {
        "alignItems": "center",
        "display": "flex",
        "flexDirection": "row",
        "justifyContent": "space-between",
        "marginTop": 16,
      },
    ]
  }
  testID="account-header"
>
  <View
    accessible={true}
    collapsable={false}
    focusable={true}
    hitSlop={
      Object {
        "bottom": 5,
        "left": 5,
        "right": 5,
        "top": 5,
      }
    }
    onClick={[Function]}
    onResponderGrant={[Function]}
    onResponderMove={[Function]}
    onResponderRelease={[Function]}
    onResponderTerminate={[Function]}
    onResponderTerminationRequest={[Function]}
    onStartShouldSetResponder={[Function]}
    style={
      Object {
        "alignItems": "center",
        "display": "flex",
        "flex": 1,
        "flexDirection": "row",
        "marginRight": 12,
        "opacity": 1,
      }
    }
    testID="manage"
  >
    <View
      style={
        Array [
          Object {
            "alignItems": "center",
            "display": "flex",
            "flexDirection": "row",
            "justifyContent": "flex-start",
          },
        ]
      }
    >
      <View
        style={
          Array [
            Object {
              "alignItems": "stretch",
              "display": "flex",
              "flexDirection": "column",
              "flexShrink": 1,
              "justifyContent": "flex-start",
            },
          ]
        }
      >
        <View
          style={
            Array [
              Object {
                "alignItems": "center",
                "display": "flex",
                "flexDirection": "row",
                "justifyContent": "flex-start",
              },
            ]
          }
        >
          <View
            style={
              Array [
                Object {
                  "backgroundColor": "transparent",
                  "borderColor": "transparent",
                  "borderRadius": 999999,
                  "borderWidth": 0,
                  "display": "flex",
                  "position": "relative",
                },
                Object {
                  "padding": 0,
                },
              ]
            }
          >
            <View
              style={
                Array [
                  Object {
                    "display": "flex",
                    "height": 28,
                    "width": 28,
                  },
                ]
              }
            >
              <View
                style={
                  Array [
                    Object {
                      "display": "flex",
                      "height": 28,
                      "width": 28,
                    },
                  ]
                }
              >
                <View
                  style={
                    Object {
                      "flex": 1,
                    }
                  }
                >
                  <View
                    clip={true}
                    mask={
                      <UniconMask
                        attributeData={
                          Object {
                            "0": "#5CFE9D",
                            "1": "#B8C3B7",
                            "2": Array [
                              Object {
                                "path": "M34 20C34 28.8366 26.8366 36 18 36C9.16344 36 2 28.8366 2 20L2 -3.8147e-06L34 -1.01717e-06V20Z",
                              },
                            ],
                            "3": Array [
                              Object {
                                "fillType": "evenOdd",
                                "path": "M16 8C12.2937 6.62854 9.37146 3.70632 8 0C6.62854 3.70632 3.70632 6.62854 0 8C3.70632 9.37146 6.62854 12.2937 8 16C9.37146 12.2937 12.2937 9.37146 16 8ZM8 11C9.65685 11 11 9.65685 11 8C11 6.34315 9.65685 5 8 5C6.34315 5 5 6.34315 5 8C5 9.65685 6.34315 11 8 11Z",
                              },
                            ],
                          }
                        }
                        showBorder={false}
                        size={28}
                      />
                    }
                  >
                    <View
                      transform={
                        Array [
                          Object {
                            "scale": 0.7567567567567568,
                          },
                        ]
                      }
                    >
                      <View
                        height={37}
                        width={37}
                        x={0}
                        y={0}
                      >
                        <View
                          colors={
                            Array [
                              "#5CFE9D",
                              "#B8C3B7",
                            ]
                          }
                          end={null}
                          start={null}
                        />
                      </View>
                      <View
                        color="#EDE590"
                        cx={18.5}
                        cy={-13.36111111111111}
                        r={30.833333333333336}
                      >
                        <View
                          blur={15}
                        />
                      </View>
                    </View>
                  </View>
                  <View
                    clip={true}
                    mask={
                      <UniconMask
                        attributeData={
                          Object {
                            "0": "#5CFE9D",
                            "1": "#B8C3B7",
                            "2": Array [
                              Object {
                                "path": "M34 20C34 28.8366 26.8366 36 18 36C9.16344 36 2 28.8366 2 20L2 -3.8147e-06L34 -1.01717e-06V20Z",
                              },
                            ],
                            "3": Array [
                              Object {
                                "fillType": "evenOdd",
                                "path": "M16 8C12.2937 6.62854 9.37146 3.70632 8 0C6.62854 3.70632 3.70632 6.62854 0 8C3.70632 9.37146 6.62854 12.2937 8 16C9.37146 12.2937 12.2937 9.37146 16 8ZM8 11C9.65685 11 11 9.65685 11 8C11 6.34315 9.65685 5 8 5C6.34315 5 5 6.34315 5 8C5 9.65685 6.34315 11 8 11Z",
                              },
                            ],
                          }
                        }
                        overlay={true}
                        showBorder={false}
                        size={28}
                      />
                    }
                  >
                    <View
                      color="#000000"
                      height={28}
                      opacity={0.08}
                      width={28}
                      x={0}
                      y={0}
                    />
                  </View>
                </View>
              </View>
            </View>
          </View>
          <View
            style={
              Array [
                Object {
                  "display": "flex",
                  "flexGrow": 0,
                  "flexShrink": 0,
                  "width": 8,
                },
              ]
            }
          />
          <View
            style={
              Array [
                Object {
                  "alignItems": "flex-start",
                  "display": "flex",
                  "flexShrink": 1,
                },
              ]
            }
          >
            <View
              style={
                Array [
                  Object {
                    "alignItems": "center",
                    "display": "flex",
                    "flexDirection": "row",
                    "justifyContent": "center",
                  },
                ]
              }
            >
              <Text
                allowFontScaling={true}
                ellipsizeMode="tail"
                maxFontSizeMultiplier={1.4}
                numberOfLines={1}
                style={
                  Array [
                    Object {
                      "color": "#0E1524",
                      "display": "flex",
                      "fontFamily": "Inter-Medium",
                      "fontSize": 20,
                      "lineHeight": 24,
                    },
                  ]
                }
                testID="address-display/name/Test Account"
              >
                Test Account
              </Text>
            </View>
          </View>
        </View>
      </View>
      <View
        style={
          Array [
            Object {
              "display": "flex",
              "flexGrow": 0,
              "flexShrink": 0,
              "height": 4,
              "width": 4,
            },
          ]
        }
      />
      <View
        style={
          Array [
            Object {
              "alignItems": "center",
              "borderRadius": 999999,
              "display": "flex",
              "justifyContent": "center",
            },
            Object {
              "transform": Array [
                Object {
                  "rotate": "270deg",
                },
              ],
            },
          ]
        }
      >
        <RNSVGSvgView
          align="xMidYMid"
          bbHeight="20"
          bbWidth="20"
          fill="none"
          focusable={false}
          height={20}
          meetOrSlice={0}
          minX={0}
          minY={0}
          style={
            Array [
              Object {
                "backgroundColor": "transparent",
                "borderWidth": 0,
              },
              Object {
                "flex": 0,
                "height": 20,
                "width": 20,
              },
            ]
          }
          vbHeight={24}
          vbWidth={26}
          width={20}
        >
          <RNSVGGroup
            fill={null}
            propList={
              Array [
                "fill",
              ]
            }
          >
            <RNSVGPath
              d="M15 6L9 12L15 18"
              fill={
                Object {
                  "payload": 4278190080,
                  "type": 0,
                }
              }
              propList={
                Array [
                  "stroke",
                  "strokeWidth",
                  "strokeLinecap",
                  "strokeLinejoin",
                ]
              }
              stroke={
                Object {
                  "payload": 4287139755,
                  "type": 0,
                }
              }
              strokeLinecap={1}
              strokeLinejoin={1}
              strokeWidth="3"
            />
          </RNSVGGroup>
        </RNSVGSvgView>
      </View>
    </View>
  </View>
  <View
    style={
      Array [
        Object {
          "alignItems": "center",
          "display": "flex",
          "flexDirection": "row",
          "justifyContent": "flex-end",
        },
      ]
    }
  >
    <View
      accessible={true}
      collapsable={false}
      focusable={true}
      hitSlop={
        Object {
          "bottom": 5,
          "left": 5,
          "right": 5,
          "top": 5,
        }
      }
      onClick={[Function]}
      onResponderGrant={[Function]}
      onResponderMove={[Function]}
      onResponderRelease={[Function]}
      onResponderTerminate={[Function]}
      onResponderTerminationRequest={[Function]}
      onStartShouldSetResponder={[Function]}
      style={
        Object {
          "display": "flex",
          "opacity": 1,
        }
      }
      testID="wallet-connect-scan"
    >
      <svg
        color="#888FAB"
        data-file-name="SvgScanQrWc"
        height={24}
        opacity="0.8"
        strokeWidth={2}
      />
    </View>
    <View
      style={
        Array [
          Object {
            "display": "flex",
            "flexGrow": 0,
            "flexShrink": 0,
            "width": 16,
          },
        ]
      }
    />
    <View
      accessible={true}
      collapsable={false}
      focusable={true}
      hitSlop={
        Object {
          "bottom": 5,
          "left": 5,
          "right": 5,
          "top": 5,
        }
      }
      onClick={[Function]}
      onResponderGrant={[Function]}
      onResponderMove={[Function]}
      onResponderRelease={[Function]}
      onResponderTerminate={[Function]}
      onResponderTerminationRequest={[Function]}
      onStartShouldSetResponder={[Function]}
      style={
        Object {
          "display": "flex",
          "opacity": 1,
        }
      }
    >
      <View
        style={
          Array [
            Object {
              "alignItems": "center",
              "display": "flex",
              "flexDirection": "row",
              "justifyContent": "flex-start",
            },
          ]
        }
      >
        <svg
          color="#888FAB"
          data-file-name="SvgSettings"
          height={28}
          opacity="0.8"
          width={28}
        />
      </View>
    </View>
  </View>
</View>
`;
