// Jest Snapshot v1, https://goo.gl/fbAQLP

exports[`NetworkFee renders a NetworkFee in a loading state 1`] = `
<View
  style={
    Array [
      Object {
        "alignItems": "center",
        "display": "flex",
        "flexDirection": "row",
        "justifyContent": "space-between",
        "paddingHorizontal": 12,
        "paddingVertical": 12,
      },
    ]
  }
>
  <Text
    allowFontScaling={true}
    maxFontSizeMultiplier={1.4}
    style={
      Array [
        Object {
          "color": "#0E1524",
          "display": "flex",
          "fontFamily": "Inter-Medium",
          "fontSize": 15,
          "lineHeight": 20,
        },
      ]
    }
  >
    Network fee
  </Text>
  <View
    style={
      Array [
        Object {
          "display": "flex",
          "flexGrow": 0,
          "flexShrink": 0,
          "height": 16,
          "width": 16,
        },
      ]
    }
  />
  <View
    style={
      Array [
        Object {
          "alignItems": "stretch",
          "display": "flex",
          "flexDirection": "row",
          "justifyContent": "flex-end",
        },
      ]
    }
  >
    <View
      style={
        Array [
          Object {
            "alignItems": "center",
            "display": "flex",
            "flexDirection": "row",
            "justifyContent": "flex-start",
          },
        ]
      }
    >
      <View
        style={
          Array [
            Object {
              "alignItems": "center",
              "display": "flex",
              "flexDirection": "row",
              "justifyContent": "space-between",
            },
          ]
        }
      >
        <View
          onLayout={[Function]}
        >
          <View
            style={
              Array [
                Object {
                  "alignItems": "center",
                  "display": "flex",
                  "flexDirection": "row",
                },
              ]
            }
          >
            <View
              style={
                Array [
                  Object {
                    "alignItems": "center",
                    "display": "flex",
                    "flexDirection": "row",
                    "position": "relative",
                  },
                ]
              }
            >
              <View
                accessibilityElementsHidden={true}
                importantForAccessibility="no-hide-descendants"
              >
                <Text
                  allowFontScaling={true}
                  maxFontSizeMultiplier={1.4}
                  style={
                    Array [
                      Object {
                        "color": "#0E1524",
                        "display": "flex",
                        "fontFamily": "Inter-Medium",
                        "fontSize": 15,
                        "lineHeight": 20,
                        "opacity": 0,
                      },
                    ]
                  }
                >
                  $00.00
                </Text>
              </View>
              <View
                style={
                  Array [
                    Object {
                      "backgroundColor": "#E8ECFB",
                      "borderRadius": 4,
                      "bottom": "5%",
                      "display": "flex",
                      "left": 0,
                      "position": "absolute",
                      "right": 0,
                      "top": "5%",
                    },
                  ]
                }
              />
            </View>
          </View>
        </View>
      </View>
    </View>
  </View>
</View>
`;

exports[`NetworkFee renders a NetworkFee normally 1`] = `
<View
  style={
    Array [
      Object {
        "alignItems": "center",
        "display": "flex",
        "flexDirection": "row",
        "justifyContent": "space-between",
        "paddingHorizontal": 12,
        "paddingVertical": 12,
      },
    ]
  }
>
  <Text
    allowFontScaling={true}
    maxFontSizeMultiplier={1.4}
    style={
      Array [
        Object {
          "color": "#0E1524",
          "display": "flex",
          "fontFamily": "Inter-Medium",
          "fontSize": 15,
          "lineHeight": 20,
        },
      ]
    }
  >
    Network fee
  </Text>
  <View
    style={
      Array [
        Object {
          "display": "flex",
          "flexGrow": 0,
          "flexShrink": 0,
          "height": 16,
          "width": 16,
        },
      ]
    }
  />
  <View
    style={
      Array [
        Object {
          "alignItems": "stretch",
          "display": "flex",
          "flexDirection": "row",
          "justifyContent": "flex-end",
        },
      ]
    }
  >
    <View
      style={
        Array [
          Object {
            "alignItems": "center",
            "display": "flex",
            "flexDirection": "row",
            "justifyContent": "flex-start",
          },
        ]
      }
    >
      <View
        style={
          Array [
            Object {
              "alignItems": "center",
              "display": "flex",
              "flexDirection": "row",
              "justifyContent": "space-between",
            },
          ]
        }
      >
        <View
          onLayout={[Function]}
        >
          <View
            style={
              Array [
                Object {
                  "alignItems": "center",
                  "display": "flex",
                  "flexDirection": "row",
                },
              ]
            }
          >
            <View
              style={
                Array [
                  Object {
                    "alignItems": "center",
                    "display": "flex",
                    "flexDirection": "row",
                    "position": "relative",
                  },
                ]
              }
            >
              <View
                accessibilityElementsHidden={true}
                importantForAccessibility="no-hide-descendants"
              >
                <Text
                  allowFontScaling={true}
                  maxFontSizeMultiplier={1.4}
                  style={
                    Array [
                      Object {
                        "color": "#0E1524",
                        "display": "flex",
                        "fontFamily": "Inter-Medium",
                        "fontSize": 15,
                        "lineHeight": 20,
                        "opacity": 0,
                      },
                    ]
                  }
                >
                  $00.00
                </Text>
              </View>
              <View
                style={
                  Array [
                    Object {
                      "backgroundColor": "#E8ECFB",
                      "borderRadius": 4,
                      "bottom": "5%",
                      "display": "flex",
                      "left": 0,
                      "position": "absolute",
                      "right": 0,
                      "top": "5%",
                    },
                  ]
                }
              />
            </View>
          </View>
        </View>
      </View>
    </View>
  </View>
</View>
`;

exports[`NetworkFee renders a NetworkFee with a warning 1`] = `
<View
  style={
    Array [
      Object {
        "alignItems": "center",
        "display": "flex",
        "flexDirection": "row",
        "justifyContent": "space-between",
        "paddingHorizontal": 12,
        "paddingVertical": 12,
      },
    ]
  }
>
  <Text
    allowFontScaling={true}
    maxFontSizeMultiplier={1.4}
    style={
      Array [
        Object {
          "color": "#0E1524",
          "display": "flex",
          "fontFamily": "Inter-Medium",
          "fontSize": 15,
          "lineHeight": 20,
        },
      ]
    }
  >
    Network fee
  </Text>
  <View
    style={
      Array [
        Object {
          "display": "flex",
          "flexGrow": 0,
          "flexShrink": 0,
          "height": 16,
          "width": 16,
        },
      ]
    }
  />
  <View
    style={
      Array [
        Object {
          "alignItems": "stretch",
          "display": "flex",
          "flexDirection": "row",
          "justifyContent": "flex-end",
        },
      ]
    }
  >
    <View
      style={
        Array [
          Object {
            "alignItems": "center",
            "display": "flex",
            "flexDirection": "row",
            "justifyContent": "flex-start",
          },
        ]
      }
    >
      <View
        style={
          Array [
            Object {
              "alignItems": "center",
              "display": "flex",
              "flexDirection": "row",
              "justifyContent": "space-between",
            },
          ]
        }
      >
        <View
          onLayout={[Function]}
        >
          <View
            style={
              Array [
                Object {
                  "alignItems": "center",
                  "display": "flex",
                  "flexDirection": "row",
                },
              ]
            }
          >
            <View
              style={
                Array [
                  Object {
                    "alignItems": "center",
                    "display": "flex",
                    "flexDirection": "row",
                    "position": "relative",
                  },
                ]
              }
            >
              <View
                accessibilityElementsHidden={true}
                importantForAccessibility="no-hide-descendants"
              >
                <Text
                  allowFontScaling={true}
                  maxFontSizeMultiplier={1.4}
                  style={
                    Array [
                      Object {
                        "color": "#0E1524",
                        "display": "flex",
                        "fontFamily": "Inter-Medium",
                        "fontSize": 15,
                        "lineHeight": 20,
                        "opacity": 0,
                      },
                    ]
                  }
                >
                  $00.00
                </Text>
              </View>
              <View
                style={
                  Array [
                    Object {
                      "backgroundColor": "#E8ECFB",
                      "borderRadius": 4,
                      "bottom": "5%",
                      "display": "flex",
                      "left": 0,
                      "position": "absolute",
                      "right": 0,
                      "top": "5%",
                    },
                  ]
                }
              />
            </View>
          </View>
        </View>
      </View>
    </View>
  </View>
</View>
`;
