// Jest Snapshot v1, https://goo.gl/fbAQLP

exports[`NetworkFee renders a NetworkFee in a loading state 1`] = `
<View
  style={
    Array [
      Object {
        "alignItems": "center",
        "display": "flex",
        "flexDirection": "row",
        "justifyContent": "space-between",
      },
    ]
  }
>
  <Text
    allowFontScaling={true}
    maxFontSizeMultiplier={1.4}
    style={
      Array [
        Object {
          "color": "#0E1524",
          "display": "flex",
          "fontFamily": "Inter-Medium",
          "fontSize": 15,
          "lineHeight": 20,
        },
      ]
    }
  >
    Network fee
  </Text>
  <View
    style={
      Array [
        Object {
          "display": "flex",
          "flexGrow": 0,
          "flexShrink": 0,
          "height": 16,
          "width": 16,
        },
      ]
    }
  />
  <View
    style={
      Array [
        Object {
          "alignItems": "center",
          "display": "flex",
          "flexDirection": "row",
          "justifyContent": "flex-start",
        },
      ]
    }
  >
    <View
      style={
        Array [
          Object {
            "alignItems": "center",
            "borderColor": "transparent",
            "borderRadius": 12,
            "borderWidth": 1,
            "display": "flex",
            "flexDirection": "row",
            "justifyContent": "center",
            "paddingHorizontal": 8,
            "paddingVertical": 2,
          },
          Object {
            "backgroundColor": "#3939391a",
            "borderColor": "transparent",
          },
        ]
      }
    >
      <Text
        allowFontScaling={true}
        maxFontSizeMultiplier={1.2}
        style={
          Array [
            Object {
              "color": "#0E1524",
              "display": "flex",
              "fontFamily": "Inter-SemiBold",
              "fontSize": 12,
              "lineHeight": 17,
            },
            Object {
              "color": "#393939",
            },
          ]
        }
      >
        Ethereum
      </Text>
    </View>
    <View
      style={
        Array [
          Object {
            "display": "flex",
            "flexGrow": 0,
            "flexShrink": 0,
            "height": 8,
            "width": 8,
          },
        ]
      }
    />
    <Text
      allowFontScaling={true}
      maxFontSizeMultiplier={1.4}
      style={
        Array [
          Object {
            "color": "#0E1524",
            "display": "flex",
            "fontFamily": "Inter-Medium",
            "fontSize": 15,
            "lineHeight": 20,
          },
        ]
      }
    >
      •
    </Text>
    <View
      style={
        Array [
          Object {
            "display": "flex",
            "flexGrow": 0,
            "flexShrink": 0,
            "height": 8,
            "width": 8,
          },
        ]
      }
    />
    <View
      style={
        Array [
          Object {
            "display": "flex",
          },
          Array [
            Object {
              "transform": Array [
                Object {
                  "rotateZ": "0deg",
                },
              ],
            },
          ],
        ]
      }
    >
      <svg
        color="#0E1524"
        data-file-name="SvgCircleSpinner"
        height={20}
        width={20}
      />
    </View>
  </View>
</View>
`;

exports[`NetworkFee renders a NetworkFee normally 1`] = `
<View
  style={
    Array [
      Object {
        "alignItems": "center",
        "display": "flex",
        "flexDirection": "row",
        "justifyContent": "space-between",
      },
    ]
  }
>
  <Text
    allowFontScaling={true}
    maxFontSizeMultiplier={1.4}
    style={
      Array [
        Object {
          "color": "#0E1524",
          "display": "flex",
          "fontFamily": "Inter-Medium",
          "fontSize": 15,
          "lineHeight": 20,
        },
      ]
    }
  >
    Network fee
  </Text>
  <View
    style={
      Array [
        Object {
          "display": "flex",
          "flexGrow": 0,
          "flexShrink": 0,
          "height": 16,
          "width": 16,
        },
      ]
    }
  />
  <View
    style={
      Array [
        Object {
          "alignItems": "center",
          "display": "flex",
          "flexDirection": "row",
          "justifyContent": "flex-start",
        },
      ]
    }
  >
    <View
      style={
        Array [
          Object {
            "alignItems": "center",
            "borderColor": "transparent",
            "borderRadius": 12,
            "borderWidth": 1,
            "display": "flex",
            "flexDirection": "row",
            "justifyContent": "center",
            "paddingHorizontal": 8,
            "paddingVertical": 2,
          },
          Object {
            "backgroundColor": "#3939391a",
            "borderColor": "transparent",
          },
        ]
      }
    >
      <Text
        allowFontScaling={true}
        maxFontSizeMultiplier={1.2}
        style={
          Array [
            Object {
              "color": "#0E1524",
              "display": "flex",
              "fontFamily": "Inter-SemiBold",
              "fontSize": 12,
              "lineHeight": 17,
            },
            Object {
              "color": "#393939",
            },
          ]
        }
      >
        Ethereum
      </Text>
    </View>
    <View
      style={
        Array [
          Object {
            "display": "flex",
            "flexGrow": 0,
            "flexShrink": 0,
            "height": 8,
            "width": 8,
          },
        ]
      }
    />
    <Text
      allowFontScaling={true}
      maxFontSizeMultiplier={1.4}
      style={
        Array [
          Object {
            "color": "#0E1524",
            "display": "flex",
            "fontFamily": "Inter-Medium",
            "fontSize": 15,
            "lineHeight": 20,
          },
        ]
      }
    >
      •
    </Text>
    <View
      style={
        Array [
          Object {
            "display": "flex",
            "flexGrow": 0,
            "flexShrink": 0,
            "height": 8,
            "width": 8,
          },
        ]
      }
    />
    <View
      style={
        Array [
          Object {
            "display": "flex",
          },
          Array [
            Object {
              "transform": Array [
                Object {
                  "rotateZ": "0deg",
                },
              ],
            },
          ],
        ]
      }
    >
      <svg
        color="#0E1524"
        data-file-name="SvgCircleSpinner"
        height={20}
        width={20}
      />
    </View>
  </View>
</View>
`;

exports[`NetworkFee renders a NetworkFee with a warning 1`] = `
<View
  style={
    Array [
      Object {
        "alignItems": "center",
        "display": "flex",
        "flexDirection": "row",
        "justifyContent": "space-between",
      },
    ]
  }
>
  <Text
    allowFontScaling={true}
    maxFontSizeMultiplier={1.4}
    style={
      Array [
        Object {
          "color": "#0E1524",
          "display": "flex",
          "fontFamily": "Inter-Medium",
          "fontSize": 15,
          "lineHeight": 20,
        },
      ]
    }
  >
    Network fee
  </Text>
  <View
    style={
      Array [
        Object {
          "display": "flex",
          "flexGrow": 0,
          "flexShrink": 0,
          "height": 16,
          "width": 16,
        },
      ]
    }
  />
  <View
    style={
      Array [
        Object {
          "alignItems": "center",
          "display": "flex",
          "flexDirection": "row",
          "justifyContent": "flex-start",
        },
      ]
    }
  >
    <View
      style={
        Array [
          Object {
            "alignItems": "center",
            "borderColor": "transparent",
            "borderRadius": 12,
            "borderWidth": 1,
            "display": "flex",
            "flexDirection": "row",
            "justifyContent": "center",
            "paddingHorizontal": 8,
            "paddingVertical": 2,
          },
          Object {
            "backgroundColor": "#3939391a",
            "borderColor": "transparent",
          },
        ]
      }
    >
      <Text
        allowFontScaling={true}
        maxFontSizeMultiplier={1.2}
        style={
          Array [
            Object {
              "color": "#0E1524",
              "display": "flex",
              "fontFamily": "Inter-SemiBold",
              "fontSize": 12,
              "lineHeight": 17,
            },
            Object {
              "color": "#393939",
            },
          ]
        }
      >
        Ethereum
      </Text>
    </View>
    <View
      style={
        Array [
          Object {
            "display": "flex",
            "flexGrow": 0,
            "flexShrink": 0,
            "height": 8,
            "width": 8,
          },
        ]
      }
    />
    <Text
      allowFontScaling={true}
      maxFontSizeMultiplier={1.4}
      style={
        Array [
          Object {
            "color": "#0E1524",
            "display": "flex",
            "fontFamily": "Inter-Medium",
            "fontSize": 15,
            "lineHeight": 20,
          },
        ]
      }
    >
      •
    </Text>
    <View
      style={
        Array [
          Object {
            "display": "flex",
            "flexGrow": 0,
            "flexShrink": 0,
            "height": 8,
            "width": 8,
          },
        ]
      }
    />
    <View
      style={
        Array [
          Object {
            "display": "flex",
          },
          Array [
            Object {
              "transform": Array [
                Object {
                  "rotateZ": "0deg",
                },
              ],
            },
          ],
        ]
      }
    >
      <svg
        color="#0E1524"
        data-file-name="SvgCircleSpinner"
        height={20}
        width={20}
      />
    </View>
  </View>
</View>
`;
