// Jest Snapshot v1, https://goo.gl/fbAQLP

exports[`renders selection circle 1`] = `
<View
  style={
    Array [
      Object {
        "alignItems": "center",
        "borderColor": "#FC72FF",
        "borderRadius": 999999,
        "borderWidth": 1,
        "display": "flex",
        "flexDirection": "column",
        "height": 20,
        "justifyContent": "center",
        "width": 20,
      },
    ]
  }
>
  <View
    style={
      Array [
        Object {
          "backgroundColor": "#FC72FF",
          "borderRadius": 999999,
          "display": "flex",
          "height": 10,
          "opacity": 1,
          "width": 10,
        },
      ]
    }
  />
</View>
`;
