// Jest Snapshot v1, https://goo.gl/fbAQLP

exports[`renders wallet loader 1`] = `
<View
  style={
    Array [
      Object {
        "alignItems": "center",
        "borderColor": "#E8ECFB",
        "borderRadius": 20,
        "borderWidth": 1,
        "display": "flex",
        "flexDirection": "row",
        "justifyContent": "flex-start",
        "opacity": 1,
        "overflow": "hidden",
        "paddingHorizontal": 16,
        "paddingVertical": 16,
      },
    ]
  }
>
  <View
    style={
      Array [
        Object {
          "alignItems": "center",
          "display": "flex",
          "flexDirection": "row",
          "height": 36,
          "justifyContent": "flex-start",
        },
      ]
    }
  >
    <View
      style={
        Array [
          Object {
            "backgroundColor": "#E8ECFB",
            "borderRadius": 999999,
            "display": "flex",
            "height": 32,
            "width": 32,
          },
        ]
      }
    />
    <View
      style={
        Array [
          Object {
            "display": "flex",
            "flexGrow": 0,
            "flexShrink": 0,
            "height": 12,
            "width": 12,
          },
        ]
      }
    />
    <View
      style={
        Array [
          Object {
            "alignItems": "flex-start",
            "display": "flex",
            "flexDirection": "column",
            "justifyContent": "flex-start",
            "width": "100%",
          },
        ]
      }
    >
      <View
        onLayout={[Function]}
      >
        <View
          style={
            Array [
              Object {
                "alignItems": "center",
                "display": "flex",
                "flexDirection": "row",
              },
            ]
          }
        >
          <View
            style={
              Array [
                Object {
                  "alignItems": "center",
                  "display": "flex",
                  "flexDirection": "row",
                  "position": "relative",
                },
              ]
            }
          >
            <View
              accessibilityElementsHidden={true}
              importantForAccessibility="no-hide-descendants"
            >
              <Text
                allowFontScaling={true}
                maxFontSizeMultiplier={1.4}
                style={
                  Array [
                    Object {
                      "color": "transparent",
                      "display": "flex",
                      "fontFamily": "Inter-Medium",
                      "fontSize": 17,
                      "lineHeight": 24,
                      "opacity": 0,
                    },
                  ]
                }
              >
                Wallet Nickname
              </Text>
            </View>
            <View
              style={
                Array [
                  Object {
                    "backgroundColor": "#E8ECFB",
                    "borderRadius": 4,
                    "bottom": "5%",
                    "display": "flex",
                    "left": 0,
                    "position": "absolute",
                    "right": 0,
                    "top": "5%",
                  },
                ]
              }
            />
          </View>
        </View>
      </View>
      <View
        style={
          Array [
            Object {
              "display": "flex",
              "flexGrow": 0,
              "flexShrink": 0,
              "height": 0,
            },
          ]
        }
      />
      <View
        onLayout={[Function]}
      >
        <View
          style={
            Array [
              Object {
                "alignItems": "center",
                "display": "flex",
                "flexDirection": "row",
              },
            ]
          }
        >
          <View
            style={
              Array [
                Object {
                  "alignItems": "center",
                  "display": "flex",
                  "flexDirection": "row",
                  "position": "relative",
                },
              ]
            }
          >
            <View
              accessibilityElementsHidden={true}
              importantForAccessibility="no-hide-descendants"
            >
              <Text
                allowFontScaling={true}
                maxFontSizeMultiplier={1.4}
                style={
                  Array [
                    Object {
                      "color": "transparent",
                      "display": "flex",
                      "fontFamily": "Inter-Medium",
                      "fontSize": 15,
                      "lineHeight": 20,
                      "opacity": 0,
                    },
                  ]
                }
              >
                0xaaaa...aaaa
              </Text>
            </View>
            <View
              style={
                Array [
                  Object {
                    "backgroundColor": "#E8ECFB",
                    "borderRadius": 4,
                    "bottom": "5%",
                    "display": "flex",
                    "left": 0,
                    "position": "absolute",
                    "right": 0,
                    "top": "5%",
                  },
                ]
              }
            />
          </View>
        </View>
      </View>
    </View>
  </View>
</View>
`;
