// Jest Snapshot v1, https://goo.gl/fbAQLP

exports[`RestoreCloudBackupPasswordScreen renders correctly 1`] = `
<View
  style={
    Array [
      Object {
        "backgroundColor": "#FFFFFF",
        "display": "flex",
        "flex": 1,
      },
      Object {
        "paddingTop": 200,
      },
    ]
  }
>
  <View
    onLayout={[Function]}
    style={
      Array [
        Array [
          Object {
            "flex": 1,
            "justifyContent": "flex-end",
          },
          Object {
            "marginBottom": undefined,
          },
        ],
        Object {
          "paddingBottom": 0,
        },
      ]
    }
  >
    <View
      style={
        Array [
          Object {
            "alignItems": "stretch",
            "display": "flex",
            "flexDirection": "column",
            "flexGrow": 1,
            "justifyContent": "flex-start",
            "paddingBottom": 16,
            "paddingHorizontal": 16,
          },
        ]
      }
    >
      <View
        style={
          Array [
            Object {
              "alignItems": "center",
              "display": "flex",
              "flexDirection": "column",
              "justifyContent": "center",
              "margin": 12,
            },
          ]
        }
      >
        <Text
          allowFontScaling={false}
          maxFontSizeMultiplier={1.2}
          style={
            Array [
              Object {
                "color": "#0E1524",
                "display": "flex",
                "fontFamily": "Inter-Medium",
                "fontSize": 24,
                "lineHeight": 28,
                "paddingTop": 0,
                "textAlign": "center",
              },
            ]
          }
        >
          Enter your iCloud backup password
        </Text>
        <View
          style={
            Array [
              Object {
                "display": "flex",
                "flexGrow": 0,
                "flexShrink": 0,
                "height": 12,
              },
            ]
          }
        />
        <Text
          allowFontScaling={true}
          maxFontSizeMultiplier={1.4}
          style={
            Array [
              Object {
                "color": "#5D6785",
                "display": "flex",
                "fontFamily": "Inter-Regular",
                "fontSize": 15,
                "lineHeight": 20,
                "textAlign": "center",
              },
            ]
          }
        >
          This password is required to recover your recovery phrase backup from iCloud.
        </Text>
      </View>
      <View
        style={
          Array [
            Object {
              "display": "flex",
              "flexGrow": 0,
              "flexShrink": 0,
              "height": 16,
            },
          ]
        }
      />
      <View
        style={
          Array [
            Object {
              "alignItems": "stretch",
              "display": "flex",
              "flex": 1,
              "flexDirection": "column",
              "flexGrow": 1,
              "justifyContent": "space-between",
            },
          ]
        }
      >
        <View
          style={
            Array [
              Object {
                "alignItems": "stretch",
                "display": "flex",
                "flexDirection": "column",
                "justifyContent": "flex-start",
              },
            ]
          }
        >
          <View
            style={
              Array [
                Object {
                  "alignItems": "center",
                  "backgroundColor": "#FFFFFF",
                  "borderColor": "#D2D9EE",
                  "borderRadius": 12,
                  "borderWidth": 1,
                  "display": "flex",
                  "flexDirection": "row",
                  "justifyContent": "center",
                },
              ]
            }
          >
            <View
              style={
                Array [
                  Object {
                    "alignItems": "center",
                    "display": "flex",
                    "flex": 1,
                    "flexDirection": "row",
                    "flexGrow": 1,
                    "justifyContent": "flex-start",
                    "minHeight": 48,
                  },
                ]
              }
            >
              <TextInput
                autoCapitalize="none"
                autoComplete="off"
                autoCorrect={false}
                autoFocus={true}
                blurOnSubmit={false}
                clearTextOnFocus={false}
                editable={true}
                onChangeText={[Function]}
                onSubmitEditing={[Function]}
                placeholder="Enter password"
                placeholderTextColor="#888FAB"
                returnKeyType="done"
                secureTextEntry={true}
                selectionColor="#888FAB"
                style={
                  Array [
                    Object {
                      "backgroundColor": "transparent",
                      "borderRadius": 12,
                      "borderWidth": 0,
                      "color": "#0E1524",
                      "flex": 1,
                      "fontFamily": "Inter-Medium",
                      "fontSize": 15,
                      "paddingHorizontal": 16,
                      "paddingVertical": 12,
                    },
                  ]
                }
                textContentType="none"
                value=""
              />
              <View
                style={
                  Array [
                    Object {
                      "display": "flex",
                      "flexGrow": 0,
                      "flexShrink": 0,
                      "height": 0,
                      "width": 0,
                    },
                  ]
                }
              />
              <View
                style={
                  Array [
                    Object {
                      "alignItems": "stretch",
                      "display": "flex",
                      "flexDirection": "column",
                      "justifyContent": "flex-start",
                      "marginHorizontal": 12,
                    },
                  ]
                }
              >
                <View
                  accessible={true}
                  collapsable={false}
                  focusable={true}
                  hitSlop={
                    Object {
                      "bottom": 5,
                      "left": 5,
                      "right": 5,
                      "top": 5,
                    }
                  }
                  onClick={[Function]}
                  onResponderGrant={[Function]}
                  onResponderMove={[Function]}
                  onResponderRelease={[Function]}
                  onResponderTerminate={[Function]}
                  onResponderTerminationRequest={[Function]}
                  onStartShouldSetResponder={[Function]}
                  style={
                    Object {
                      "display": "flex",
                      "opacity": 1,
                      "padding": 4,
                    }
                  }
                >
                  <svg
                    color="#5D6785"
                    data-file-name="SvgEyeOff"
                    height={20}
                    width={20}
                  />
                </View>
              </View>
            </View>
          </View>
        </View>
        <View
          style={
            Array [
              Object {
                "display": "flex",
                "flexGrow": 0,
                "flexShrink": 0,
                "height": 16,
              },
            ]
          }
        />
        <View
          accessibilityState={
            Object {
              "disabled": true,
            }
          }
          accessible={true}
          collapsable={false}
          focusable={true}
          hitSlop={
            Object {
              "bottom": 5,
              "left": 5,
              "right": 5,
              "top": 5,
            }
          }
          onClick={[Function]}
          onResponderGrant={[Function]}
          onResponderMove={[Function]}
          onResponderRelease={[Function]}
          onResponderTerminate={[Function]}
          onResponderTerminationRequest={[Function]}
          onStartShouldSetResponder={[Function]}
          style={
            Object {
              "alignItems": "center",
              "backgroundColor": "#FC72FF",
              "borderColor": "transparent",
              "borderRadius": 16,
              "borderWidth": 1,
              "display": "flex",
              "opacity": 0.4,
            }
          }
          testID="submit"
        >
          <View
            style={
              Array [
                Object {
                  "alignItems": "stretch",
                  "borderRadius": 16,
                  "display": "flex",
                  "flexDirection": "column",
                  "height": "100%",
                  "justifyContent": "flex-start",
                  "overflow": "hidden",
                  "position": "absolute",
                  "width": "100%",
                },
              ]
            }
          >
            <RNSVGSvgView
              bbHeight="100%"
              bbWidth="100%"
              focusable={false}
              height="100%"
              style={
                Array [
                  Object {
                    "backgroundColor": "transparent",
                    "borderWidth": 0,
                  },
                  Object {
                    "flex": 0,
                    "height": "100%",
                    "width": "100%",
                  },
                ]
              }
              width="100%"
            >
              <RNSVGGroup>
                <RNSVGDefs>
                  <RNSVGLinearGradient
                    gradient={
                      Array [
                        0,
                        -958215,
                        1,
                        -2011415,
                      ]
                    }
                    gradientTransform={null}
                    gradientUnits={0}
                    name="background"
                    x1="0%"
                    x2="0%"
                    y1="0%"
                    y2="100%"
                  />
                </RNSVGDefs>
                <RNSVGRect
                  fill={
                    Array [
                      1,
                      "background",
                    ]
                  }
                  height="150%"
                  opacity={1}
                  propList={
                    Array [
                      "fill",
                    ]
                  }
                  width="100%"
                  x="0"
                  y="0"
                />
              </RNSVGGroup>
            </RNSVGSvgView>
          </View>
          <View
            style={
              Array [
                Object {
                  "alignItems": "center",
                  "display": "flex",
                  "flexDirection": "row",
                  "justifyContent": "center",
                  "paddingHorizontal": 12,
                  "paddingVertical": 12,
                },
              ]
            }
          >
            <Text
              allowFontScaling={true}
              maxFontSizeMultiplier={1.2}
              style={
                Array [
                  Object {
                    "color": "#FFFFFF",
                    "display": "flex",
                    "fontFamily": "Inter-SemiBold",
                    "fontSize": 17,
                    "lineHeight": 20,
                    "textAlign": "center",
                  },
                ]
              }
            >
              Continue
            </Text>
          </View>
        </View>
      </View>
    </View>
  </View>
</View>
`;
