// Jest Snapshot v1, https://goo.gl/fbAQLP

exports[`GenericImportForm renders a placeholder when there is no value 1`] = `
<View
  onTouchEnd={[Function]}
  style={
    Array [
      Object {
        "alignItems": "stretch",
        "display": "flex",
        "flexDirection": "column",
        "justifyContent": "flex-start",
      },
    ]
  }
>
  <View
    style={
      Array [
        Object {
          "alignItems": "center",
          "backgroundColor": "#FFFFFF",
          "borderColor": "#F5F6FC",
          "borderRadius": 20,
          "borderWidth": 1,
          "display": "flex",
          "flexDirection": "column",
          "flexShrink": 1,
          "justifyContent": "center",
          "minHeight": 120,
          "paddingHorizontal": 36,
          "paddingVertical": 16,
          "width": "100%",
        },
      ]
    }
  >
    <View
      style={
        Array [
          Object {
            "alignItems": "flex-end",
            "display": "flex",
            "flexDirection": "row",
            "justifyContent": "center",
            "width": "100%",
          },
        ]
      }
    >
      <TextInput
        autoCapitalize="none"
        autoComplete="off"
        autoCorrect={false}
        autoFocus={true}
        blurOnSubmit={false}
        maxFontSizeMultiplier={1.4}
        multiline={true}
        numberOfLines={4}
        onBlur={[Function]}
        onChangeText={[Function]}
        onFocus={[Function]}
        onSubmitEditing={[Function]}
        placeholderTextColor="#888FAB"
        returnKeyType="done"
        scrollEnabled={false}
        selectionColor="#0E1524"
        spellCheck={false}
        style={
          Array [
            Object {
              "backgroundColor": "transparent",
              "borderRadius": 12,
              "color": "#0E1524",
              "fontSize": 17,
              "justifyContent": "center",
              "lineHeight": 17,
              "paddingHorizontal": 0,
              "paddingVertical": 0,
              "textAlign": "left",
              "width": 8,
            },
          ]
        }
        testID="import_account_form/input"
      />
    </View>
    <View
      style={
        Array [
          Object {
            "display": "flex",
            "flexGrow": 0,
            "flexShrink": 0,
            "height": 0,
          },
        ]
      }
    />
    <View
      onLayout={[Function]}
      style={
        Array [
          Object {
            "alignItems": "center",
            "display": "flex",
            "flexDirection": "row",
            "flexGrow": 1,
            "justifyContent": "center",
            "paddingTop": 4,
            "position": "absolute",
          },
        ]
      }
    >
      <Text
        adjustsFontSizeToFit={true}
        allowFontScaling={true}
        maxFontSizeMultiplier={1.4}
        numberOfLines={1}
        style={
          Array [
            Object {
              "color": "#5D6785",
              "display": "flex",
              "fontFamily": "Inter-Medium",
              "fontSize": 17,
              "lineHeight": 24,
            },
            Object {
              "flexShrink": 1,
            },
          ]
        }
      >
        Type or
      </Text>
      <View
        style={
          Array [
            Object {
              "display": "flex",
              "flexGrow": 0,
              "flexShrink": 0,
              "height": 8,
              "width": 8,
            },
          ]
        }
      />
      <View
        accessibilityState={
          Object {
            "disabled": false,
          }
        }
        accessible={true}
        collapsable={false}
        focusable={true}
        hitSlop={
          Object {
            "bottom": 5,
            "left": 5,
            "right": 5,
            "top": 5,
          }
        }
        onClick={[Function]}
        onResponderGrant={[Function]}
        onResponderMove={[Function]}
        onResponderRelease={[Function]}
        onResponderTerminate={[Function]}
        onResponderTerminationRequest={[Function]}
        onStartShouldSetResponder={[Function]}
        style={
          Object {
            "alignItems": "center",
            "backgroundColor": "#E8ECFB",
            "borderColor": "transparent",
            "borderRadius": 8,
            "borderWidth": 1,
            "display": "flex",
            "opacity": 1,
          }
        }
      >
        <View
          style={
            Array [
              Object {
                "alignItems": "center",
                "display": "flex",
                "flexDirection": "row",
                "justifyContent": "center",
                "paddingHorizontal": 8,
                "paddingVertical": 8,
              },
            ]
          }
        >
          <svg
            color="#0E1524"
            data-file-name="SvgPaste"
            height={16}
            strokeWidth={2}
            width={16}
          />
          <View
            style={
              Array [
                Object {
                  "display": "flex",
                  "flexGrow": 0,
                  "flexShrink": 0,
                  "height": 4,
                  "width": 4,
                },
              ]
            }
          />
          <Text
            allowFontScaling={true}
            maxFontSizeMultiplier={1.2}
            style={
              Array [
                Object {
                  "color": "#0E1524",
                  "display": "flex",
                  "fontFamily": "Inter-SemiBold",
                  "fontSize": 15,
                  "lineHeight": 20,
                  "textAlign": "center",
                },
              ]
            }
          >
            Paste
          </Text>
        </View>
      </View>
      <View
        style={
          Array [
            Object {
              "display": "flex",
              "flexGrow": 0,
              "flexShrink": 0,
              "height": 8,
              "width": 8,
            },
          ]
        }
      />
      <Text
        adjustsFontSizeToFit={true}
        allowFontScaling={true}
        maxFontSizeMultiplier={1.4}
        numberOfLines={1}
        style={
          Array [
            Object {
              "color": "#5D6785",
              "display": "flex",
              "fontFamily": "Inter-Medium",
              "fontSize": 17,
              "lineHeight": 24,
            },
            Object {
              "flexShrink": 1,
            },
          ]
        }
      >
        seed phrase
      </Text>
    </View>
  </View>
  <View
    style={
      Array [
        Object {
          "display": "flex",
          "flexGrow": 0,
          "flexShrink": 0,
          "height": 16,
        },
      ]
    }
  />
  <View
    style={
      Array [
        Object {
          "alignItems": "stretch",
          "display": "flex",
          "flexDirection": "column",
          "justifyContent": "flex-start",
        },
      ]
    }
  />
</View>
`;
