// Jest Snapshot v1, https://goo.gl/fbAQLP

exports[`renders collection preview card 1`] = `
<View
  accessibilityState={
    {
      "disabled": false,
    }
  }
  accessible={true}
  collapsable={false}
  focusable={true}
  hitSlop={
    {
      "bottom": 5,
      "left": 5,
      "right": 5,
      "top": 5,
    }
  }
  onClick={[Function]}
  onResponderGrant={[Function]}
  onResponderMove={[Function]}
  onResponderRelease={[Function]}
  onResponderTerminate={[Function]}
  onResponderTerminationRequest={[Function]}
  onStartShouldSetResponder={[Function]}
  style={
    {
      "display": "flex",
      "opacity": 1,
    }
  }
>
  <View
    sentry-label="Flex"
    style={
      [
        {
          "alignItems": "center",
          "backgroundColor": "#0D111C73",
          "borderRadius": 16,
          "display": "flex",
          "flexDirection": "row",
          "justifyContent": "space-between",
          "paddingHorizontal": 12,
          "paddingVertical": 12,
        },
      ]
    }
  >
    <View
      sentry-label="Flex"
      style={
        [
          {
            "alignItems": "center",
            "display": "flex",
            "flexDirection": "row",
            "flexShrink": 1,
            "justifyContent": "flex-start",
            "overflow": "hidden",
          },
        ]
      }
    >
      <View
        style={
          [
            {
              "borderRadius": 999999,
              "display": "flex",
              "height": 40,
              "overflow": "hidden",
              "width": 40,
            },
          ]
        }
      >
        <View
          style={
            [
              {
                "alignItems": "center",
                "aspectRatio": 1,
                "backgroundColor": "rgba(232,236,251,1.00)",
                "display": "flex",
                "flexBasis": "auto",
                "flexDirection": "column",
                "flexShrink": 0,
                "justifyContent": "center",
                "maxHeight": 60,
                "minHeight": 0,
                "minWidth": 0,
                "position": "relative",
                "width": "100%",
              },
            ]
          }
        >
          <Text
            allowFontScaling={true}
            fontFamily="$body"
            style={
              [
                {
                  "color": "rgba(93,103,133,1.00)",
                  "display": "flex",
                  "flex": 0,
                  "flexGrow": 0,
                  "flexWrap": "wrap",
                  "fontFamily": "Inter",
                  "fontSize": 14,
                  "fontWeight": "500",
                  "lineHeight": 20,
                },
              ]
            }
            suppressHighlighting={true}
          >
            Content not available
          </Text>
        </View>
      </View>
      <View
        style={
          [
            {
              "display": "flex",
              "flexGrow": 0,
              "flexShrink": 0,
              "height": 12,
              "width": 12,
            },
          ]
        }
      />
      <View
        sentry-label="Flex"
        style={
          [
            {
              "alignItems": "stretch",
              "display": "flex",
              "flexDirection": "column",
              "flexShrink": 1,
              "justifyContent": "flex-start",
            },
          ]
        }
      >
        <View
          sentry-label="Flex"
          style={
            [
              {
                "alignItems": "center",
                "display": "flex",
                "flexDirection": "row",
                "flexGrow": 1,
                "justifyContent": "flex-start",
              },
            ]
          }
        >
          <View
            style={
              [
                {
                  "display": "flex",
                  "flexShrink": 1,
                },
              ]
            }
          >
            <Text
              allowFontScaling={true}
              maxFontSizeMultiplier={1.4}
              numberOfLines={1}
              style={
                [
                  {
                    "color": "#FFFFFF",
                    "display": "flex",
                    "fontFamily": "Inter-Medium",
                    "fontSize": 17,
                    "lineHeight": 24,
                  },
                ]
              }
            >
              Test NFT 1
            </Text>
          </View>
          <View
            style={
              [
                {
                  "display": "flex",
                  "flexGrow": 0,
                  "flexShrink": 0,
                  "height": 8,
                  "width": 8,
                },
              ]
            }
          />
          <svg
            color="#FC72FF"
            data-file-name="SvgVerified"
            height={16}
            width={16}
          />
        </View>
      </View>
    </View>
    <View
      style={
        [
          {
            "display": "flex",
            "flexGrow": 0,
            "flexShrink": 0,
            "height": 8,
            "width": 8,
          },
        ]
      }
    />
    <View
      style={
        [
          {
            "alignItems": "center",
            "borderRadius": 999999,
            "display": "flex",
            "justifyContent": "center",
          },
          {
            "transform": [
              {
                "rotate": "180deg",
              },
            ],
          },
        ]
      }
    >
      <RNSVGSvgView
        align="xMidYMid"
        bbHeight="24"
        bbWidth="24"
        fill="none"
        focusable={false}
        height={24}
        meetOrSlice={0}
        minX={0}
        minY={0}
        style={
          [
            {
              "backgroundColor": "transparent",
              "borderWidth": 0,
            },
            {
              "flex": 0,
              "height": 24,
              "width": 24,
            },
          ]
        }
        vbHeight={24}
        vbWidth={26}
        width={24}
      >
        <RNSVGGroup
          fill={null}
          propList={
            [
              "fill",
            ]
          }
        >
          <RNSVGPath
            d="M15 6L9 12L15 18"
            fill={
              {
                "payload": 4278190080,
                "type": 0,
              }
            }
            propList={
              [
                "stroke",
                "strokeWidth",
                "strokeLinecap",
                "strokeLinejoin",
              ]
            }
            stroke={
              {
                "payload": 4294309628,
                "type": 0,
              }
            }
            strokeLinecap={1}
            strokeLinejoin={1}
            strokeWidth="3"
          />
        </RNSVGGroup>
      </RNSVGSvgView>
    </View>
  </View>
</View>
`;
