// Jest Snapshot v1, https://goo.gl/fbAQLP

exports[`renders trait card 1`] = `
<View
  style={
    Array [
      Object {
        "alignItems": "stretch",
        "backgroundColor": "#0D111C73",
        "borderRadius": 16,
        "display": "flex",
        "flexDirection": "column",
        "justifyContent": "flex-start",
        "paddingHorizontal": 16,
        "paddingVertical": 12,
      },
    ]
  }
>
  <Text
    allowFontScaling={true}
    maxFontSizeMultiplier={1.2}
    style={
      Array [
        Object {
          "color": "#0E1524",
          "display": "flex",
          "fontFamily": "Inter-SemiBold",
          "fontSize": 12,
          "lineHeight": 17,
        },
        Object {
          "color": "#5D6785",
        },
      ]
    }
  >
    traitName
  </Text>
  <View
    style={
      Array [
        Object {
          "display": "flex",
          "flexGrow": 0,
          "flexShrink": 0,
          "height": 4,
        },
      ]
    }
  />
  <Text
    allowFontScaling={true}
    maxFontSizeMultiplier={1.4}
    style={
      Array [
        Object {
          "color": "#FFFFFF",
          "display": "flex",
          "fontFamily": "Inter-Medium",
          "fontSize": 15,
          "lineHeight": 20,
        },
      ]
    }
  >
    traitValue
  </Text>
</View>
`;
